{"type":"Topology","objects":{"contours":{"type":"GeometryCollection","geometries":[{"type":"LineString","properties":{"level":"3.0"},"arcs":[0]},{"type":"LineString","properties":{"level":"4.0"},"arcs":[1]},{"type":"LineString","properties":{"level":"5.0"},"arcs":[2]}]}},"arcs":[[[0,8262],[694,159],[-694,146]],[[0,6174],[1250,130],[1250,-90],[1250,-606],[1250,171],[962,1064],[-115,1578],[-847,764],[-1250,244],[-1250,250],[-254,320]],[[9999,2367],[-410,-258],[-840,-1061],[-1250,-259],[-409,-259],[-841,-530],[-1249,0],[-1250,0],[-1250,0],[-1250,0],[-840,530],[-410,259]]],"transform":{"scale":[0.0008000800080008001,0.000633674474216545],"translate":[-125,42.663888932308765]}}